{
  "parameters": {
    "service1_internal_ip_list": "1.1.1.1",
    "singleip1_ip_internal": "1.1.1.1",
    "neo4j_internal_ip_list": "1.1.1.1",
    "service1_external_ip_list": "1.1.1.1",
    "service2_external_ip_list": "1.1.1.1",
    "service3_external_ip_list": "1.1.1.1",
    "singleip1_ip_external": "1.1.1.1",
    "singleip2_ip_external": "1.1.1.1",
    "singleip3_ip_external": "1.1.1.1",
    "svc_CM_vip_external_ip_address": "1.1.1.1",
    "svc_FM_vip_external_ip_address": "1.1.1.1",
    "svc_PM_vip_external_ip_address": "1.1.1.1",
    "enm_laf_1_ip_external": "1.1.1.1",
    "haproxy_external_ip_list": "1.1.1.1",
    "lvs_external_PM_vrrp_id": "3",
    "lvs_external_FM_vrrp_id": "2",
    "lvs_external_CM_vrrp_id": "1",
    "key_name": "temporary",
    "esmon_external_ip_list": "1.1.1.1",
    "SSO_COOKIE_DOMAIN": "temporary.com",
    "esmon_hostname": "temporary",
    "COM_INF_LDAP_ROOT_SUFFIX": "dc=temporary,dc=com",
    "httpd_fqdn": "temporary.com",
    "laf_url": "http://temporary.com",
    "neo4j_3_ip_internal": "1.1.1.1",
    "neo4j_2_ip_internal": "1.1.1.1",
    "neo4j_1_ip_internal": "1.1.1.1",
    "svc_PM_vip_to_fip": "1.1.1.1",
    "svc_FM_vip_to_fip": "1.1.1.1",
    "svc_CM_vip_to_fip": "1.1.1.1",
    "external_netmask": "255.255.255.0",
    "external_gateway": "1.1.1.1",
    "external_subnet": "1.1.1.1/1",
    "enm_external_network_name": "temporary",
    "enm_laf_security_group_name": "temporary",
    "enm_internal_security_group_name": "temporary",
    "enm_external_security_group_name": "temporary",
    "enm_internal_network_name": "temporary",
    "vim_name": "temporary",
    "vim_tenant_name": "temporary",
    "cloudManagerUserPassword": "temporary",
    "cloudManagerUserName": "temporary",
    "cloudManagerTenantName": "temporary",
    "cloudManagerTenantId": "temporary",
    "cloudManagerRestInterfaceBaseURL": "http://temporary.com",
    "singleip1_ipv6_internal": "::",
    "service1_internal_ipv6_list": "::",
    "service1_external_ipv6_list": "::",
    "service2_external_ipv6_list": "::",
    "service3_external_ipv6_list": "::",
    "external_gateway_ipv6": "::",
    "singleip1_ipv6_external": "::",
    "singleip2_ipv6_external": "::",
    "singleip3_ipv6_external": "::",
    "external_subnet_ipv6": "::",
    "flavor_2vC4M": "under_commit_flavor_4",
    "flavor_6vC6M": "under_commit_flavor_3",
    "flavor_2vC4M3_1": "over_commit_flavor_2,flavor_nbfmsnmp,flavor_elementmanager",
    "flavor_6vC6M3_1": "over_commit_flavor_1,flavor_esmon,flavor_said",
    "flavor_6vC6M1_1": "over_commit_flavor1_1,flavor_esmon",
    "flavor_elementmanager": "under_commit_flavor_4",
    "flavor_said": "under_commit_flavor_3",
    "flavor_nbfmsnmp": "under_commit_flavor_4",
    "flavor_esmon": "under_commit_flavor_3",
    "haproxy_instances": "1",
    "esmon_instances": "1",
    "neo4j_instances": "3",
    "nameserverB": "159.107.173.12",
    "nameserverA": "159.107.173.3",
    "dynamic_ipv6_range_end": "fd5b:1fd5:8295:5339:0000:0000:0000:0031",
    "dynamic_ipv6_range_start": "fd5b:1fd5:8295:5339:0000:0000:0000:0005",
    "dynamic_ip_range_end": "10.10.0.49",
    "dynamic_ip_range_start": "10.10.0.5",
    "internal_subnet_ipv6": "fd5b:1fd5:8295:5339:0000:0000:0000:0000/64",
    "internal_subnet": "10.10.0.0/21",
    "notAutopopulatedKey": "stringValue",
    "service2_instances": "5",
    "service1_instances": "2",
    "deployment_id": "testingDeployment"
  }
}
