{
  "parameters": {
    "deployment_id": "testingDeployment",
    "vim_name": "vim_validProject",
    "vim_tenant_name": "validProject",
    "cloudManagerRestInterfaceBaseURL": "https://cloud4b.athtem.eei.ericsson.se:13000/v3",
    "cloudManagerTenantId": "validId",
    "cloudManagerTenantName": "validProject",
    "cloudManagerUserName": "validusername",
    "cloudManagerUserPassword": "validpassword",
    "enm_external_network_name": "provider_network",
    "enm_external_security_group_name": "enm_external_security_group_validProject",
    "enm_internal_network_name": "enm_internal_network_validProject",
    "enm_internal_security_group_name": "enm_internal_security_group_validProject",
    "enm_laf_security_group_name": "enm_laf_security_group_validProject",
    "dynamic_ip_range_start": "10.10.0.5",
    "dynamic_ip_range_end": "10.10.0.49",
    "dynamic_ipv6_range_start": "fd5b:1fd5:8295:5339:0000:0000:0000:0005",
    "dynamic_ipv6_range_end": "fd5b:1fd5:8295:5339:0000:0000:0000:0031",
    "internal_subnet": "10.10.0.0/21",
    "internal_subnet_ipv6": "fd5b:1fd5:8295:5339:0000:0000:0000:0000/64",
    "external_gateway": "131.160.202.1",
    "external_gateway_ipv6": "2001:1B70:6207:27:0:874:0:1",
    "external_netmask": "255.255.255.0",
    "external_subnet": "131.160.202.0/24",
    "external_subnet_ipv6": "2001:1B70:6207:27::/64",
    "notAutopopulatedKey": "stringValue",
    "nameserverA": "159.107.173.3",
    "nameserverB": "159.107.173.12",
    "service1_instances": "2",
    "service1_external_ip_list": "131.160.202.10,131.160.202.11",
    "service1_internal_ip_list": "10.10.0.50,10.10.0.51",
    "service1_external_ipv6_list": "2001:1b70:6207:0027:0000:0874:1001:0000,2001:1b70:6207:0027:0000:0874:1001:0001",
    "service1_internal_ipv6_list": "fd5b:1fd5:8295:5339:0000:0000:0000:0032,fd5b:1fd5:8295:5339:0000:0000:0000:0033",
    "service2_instances": "5",
    "service2_external_ip_list": "131.160.202.12,131.160.202.13,131.160.202.14,131.160.202.15,131.160.202.20",
    "service2_external_ipv6_list": "2001:1b70:6207:0027:0000:0874:1001:0002,2001:1b70:6207:0027:0000:0874:1001:0003,2001:1b70:6207:0027:0000:0874:1001:0004,2001:1b70:6207:0027:0000:0874:1001:0005,2001:1b70:6207:0027:0000:0874:1001:0006",
    "service3_external_ip_list": "131.160.202.21",
    "service3_external_ipv6_list": "2001:1b70:6207:0027:0000:0874:1001:0007",
    "singleip1_ip_internal": "10.10.0.52",
    "singleip1_ip_external": "131.160.202.22",
    "singleip1_ipv6_internal": "fd5b:1fd5:8295:5339:0000:0000:0000:0034",
    "singleip1_ipv6_external": "2001:1b70:6207:0027:0000:0874:1001:0008",
    "singleip2_ip_external": "131.160.202.23",
    "singleip2_ipv6_external": "2001:1b70:6207:0027:0000:0874:1001:0009",
    "singleip3_ip_external": "131.160.202.24",
    "singleip3_ipv6_external": "2001:1b70:6207:0027:0000:0874:1001:000a",
    "svc_CM_vip_external_ip_address": "131.160.202.25",
    "svc_FM_vip_external_ip_address": "131.160.202.26",
    "svc_PM_vip_external_ip_address": "131.160.202.27",
    "svc_CM_vip_to_fip": "131.160.202.25",
    "svc_FM_vip_to_fip": "131.160.202.26",
    "svc_PM_vip_to_fip": "131.160.202.27",
    "enm_laf_1_ip_external": "131.160.202.28",
    "laf_url": "http://131.160.202.28",
    "httpd_fqdn": "ieatenmpd201-20.athtem.eei.ericsson.se",
    "SSO_COOKIE_DOMAIN": "ieatenmpd201-20.athtem.eei.ericsson.se",
    "haproxy_instances": "1",
    "haproxy_external_ip_list": "131.160.202.29",
    "neo4j_instances": "3",
    "neo4j_internal_ip_list": "10.10.0.53,10.10.0.54,10.10.0.55",
    "neo4j_1_ip_internal": "10.10.0.53",
    "neo4j_2_ip_internal": "10.10.0.54",
    "neo4j_3_ip_internal": "10.10.0.55",
    "esmon_hostname": "ieatenmpd201-21",
    "esmon_external_ip_list": "131.160.202.30",
    "esmon_instances": "1",
    "COM_INF_LDAP_ROOT_SUFFIX": "dc=ieatenmpd201-20,dc=com",
    "key_name": "key_pair_validProject",
    "lvs_external_CM_vrrp_id": "100",
    "lvs_external_FM_vrrp_id": "101",
    "lvs_external_PM_vrrp_id": "102",
    "flavor_6vC6M1_1": "over_commit_flavor1_1,flavor_esmon",
    "flavor_6vC6M3_1": "over_commit_flavor_1,flavor_esmon,flavor_said",
    "flavor_2vC4M3_1": "over_commit_flavor_2,flavor_nbfmsnmp,flavor_elementmanager",
    "flavor_6vC6M": "under_commit_flavor_3",
    "flavor_2vC4M": "under_commit_flavor_4",
    "flavor_elementmanager": "under_commit_flavor_4",
    "flavor_esmon": "under_commit_flavor_3",
    "flavor_nbfmsnmp": "under_commit_flavor_4",
    "flavor_said": "under_commit_flavor_3"
  }
}
