{
    "parameters": {
        "COM_INF_LDAP_ADMIN_CN": "uid=ssouser,ou=people",
        "eric-enm-monitoring-master_account": "upload@ddpenm6.athtem.eei.ericsson.se",
        "eric-enm-monitoring-master_password": "_!upLoad",
        "hostPort": "9690",
        "ingress_l4_cniMode": "ipip",
        "ingress_l4_external": "ens160",
        "ingress_l4_internal": "ens160",
        "servicePort": "9690",
        "timezone": "Europe/Dublin",
        "fm_vip_address": "131.160.202.30",
        "svc_FM_vip_fwd_ipaddress": "131.160.202.31",
        "cm_vip_address": "131.160.202.32",
        "pm_vip_address": "131.160.202.33",
        "amos_vip_address": "131.160.202.34",
        "general_scripting_vip_address": "131.160.202.35",
        "visinamingsb_service": "131.160.202.36",
        "itservices_0_vip_address": "131.160.202.37",
        "itservices_1_vip_address": "131.160.202.38",
        "loadBalancerIP": "131.160.202.39",
        "ingress_l4_podNetworkCIDR": "192.168.0.0/16"
    }
}